7
8
10
12
1
+
10
11
10
100
11
42
42
0
11
123
123
1
1
10
null
