42
42
42
42
7
3
3
"function"
"function"
0
10
42
0
2
3
5
42
null
1
1
null
null
[2, 3]
1
[3, 5, 7, 9, 11]
null
