10
10
10
10
foobar baz
foobazbar 
7
true
false
true
null
