[]
[1, 2, 3]
[null, 1, 2, true, false]
[[], [], []]
[[[[[[[[[[1, 2, 3], 4], 5], 6], 7], 8], 9], 10], 11], 12]
null
